// Jest Snapshot v1, https://goo.gl/fbAQLP

exports[`button 是个div 1`] = `
<div>
  <div>
    hello word 
    hello
    1
    hello
    <button
      onClick={[Function]}
    >
      click
    </button>
  </div>
  <div />
</div>
`;
